// Jest Snapshot v1, https://goo.gl/fbAQLP

exports[`<ErrorState /> tests should render and match the snapshot 1`] = `
<body>
  <div>
    <div
      class="ErrorState__Container-sc-1jjr6tr-0 bgvOzz"
    >
      <p
        class="T__StyledText-gjlic1-0 cbAvsY"
        data-testid="t"
      >
        !Oops there is no tunes for test 
      </p>
    </div>
  </div>
</body>
`;
